
Linker Version 8.7.7.211123
Input Object File: C:\Users\User\Desktop\Holtek\Lyuk_Vatan\MCUMCUMCU.OBJ

Input Library File: C:\Program Files\Holtek MCU Development Tools\HT-IDE3000V8.x\LIB\MATH6.LIB
Input Library File: C:\Program Files\Holtek MCU Development Tools\HT-IDE3000V8.x\LIB\time_srsc.lib
Input Library File: C:\Program Files\Holtek MCU Development Tools\HT-IDE3000V8.x\LIB\ctype_srsc.lib
Input Library File: C:\Program Files\Holtek MCU Development Tools\HT-IDE3000V8.x\LIB\math_srsc.lib
Input Library File: C:\Program Files\Holtek MCU Development Tools\HT-IDE3000V8.x\LIB\stdlib_srsc.lib
Input Library File: C:\Program Files\Holtek MCU Development Tools\HT-IDE3000V8.x\LIB\string_srsc.lib


     Start     End      Length     Class    AvgIns    Name
     0000h     0002h    0003h      CODE               @CODE (C:\Users\User\Desktop\Holtek\Lyuk_Vatan\MCUMCUMCU.OBJ)
     0003h     0010h    000eh      CODE               __DELAY (C:\Program Files\Holtek MCU Development Tools\HT-IDE3000V8.x\LIB\MATH6.LIB)
     0011h     0026h    0016h      CODE               @delay (C:\Users\User\Desktop\Holtek\Lyuk_Vatan\MCUMCUMCU.OBJ)
     0027h     003fh    0019h      CODE               @delay_info (C:\Users\User\Desktop\Holtek\Lyuk_Vatan\MCUMCUMCU.OBJ)
     0040h     00d4h    0095h      CODE               @MAIN (C:\Users\User\Desktop\Holtek\Lyuk_Vatan\MCUMCUMCU.OBJ)
     00d5h     00d5h    0001h      CODE               STARTSEC (C:\Users\User\Desktop\Holtek\Lyuk_Vatan\MCUMCUMCU.OBJ)
     0040h     0040h    0001h      DATA     10        CTMPDATA (C:\Program Files\Holtek MCU Development Tools\HT-IDE3000V8.x\LIB\MATH6.LIB)
     0043h     0046h    0004h      DATA     6         @blink (C:\Users\User\Desktop\Holtek\Lyuk_Vatan\MCUMCUMCU.OBJ)
     0047h     0048h    0002h      DATA     6         @i (C:\Users\User\Desktop\Holtek\Lyuk_Vatan\MCUMCUMCU.OBJ)

     Local Sections

     Start     End      Length     Class    AvgIns    Name
     0043h     0043h    0000h      LOCAL    0         @DUMMY (C:\Users\User\Desktop\Holtek\Lyuk_Vatan\MCUMCUMCU.OBJ)
     0043h     0043h    0000h      LOCAL    0         _main (C:\Users\User\Desktop\Holtek\Lyuk_Vatan\MCUMCUMCU.OBJ)
     0041h     0042h    0002h      LOCAL    4         _delay (C:\Users\User\Desktop\Holtek\Lyuk_Vatan\MCUMCUMCU.OBJ)
     0041h     0042h    0002h      LOCAL    3         _delay_info (C:\Users\User\Desktop\Holtek\Lyuk_Vatan\MCUMCUMCU.OBJ)

     Indepentent Local Sections

     Start     End      Length     Class    AvgIns    Name
     0041h     0041h    0000h      ILOCAL   0         __DELAYY (C:\Program Files\Holtek MCU Development Tools\HT-IDE3000V8.x\LIB\MATH6.LIB)

     Public Symbols Information
     Address            Public by Name
     0040h              RH
     0008h              __DELAYY0
     0007h              __DELAYY1
     0006h              __DELAYY2
     0005h              __DELAYY3
     0004h              __DELAYY4
     0003h              __DELAYY5
     0043h              _blink
     0011h              _delay
     0027h              _delay_info
     0047h              _i
     0041h              delay0

     Address            Public by Value
     0003h              __DELAYY5
     0004h              __DELAYY4
     0005h              __DELAYY3
     0006h              __DELAYY2
     0007h              __DELAYY1
     0008h              __DELAYY0
     0011h              _delay
     0027h              _delay_info
     0040h              RH
     0041h              delay0
     0043h              _blink
     0047h              _i


ROM Usage Statistics
     Size      Used     Percentage
     0400h     00d6h    20%

RAM Usage Statistics
     Size      Used     Percentage
     0040h     0009h    14%

Use Stack Count
_main: 1

Call Tree
    @DUMMY
        _main (0)
            _delay (1)
            _delay_info (1)

HLINK: Program entry point at section '@CODE' (address 0) of file 'C:\Users\User\Desktop\Holtek\Lyuk_Vatan\MCUMCUMCU.OBJ'

Total 0 error(s), Total 0 Warning(s)
